-->Страница с книгами https://tululu.org/l55/2/
Скачиваю книгу: https://tululu.org/b550/
Скачиваю книгу: https://tululu.org/b768/
Скачиваю книгу: https://tululu.org/b769/
Скачиваю книгу: https://tululu.org/b1131/
Скачиваю книгу: https://tululu.org/b1715/
Скачиваю книгу: https://tululu.org/b1987/
Скачиваю книгу: https://tululu.org/b2043/
Скачиваю книгу: https://tululu.org/b2531/
Скачиваю книгу: https://tululu.org/b4024/
Скачиваю книгу: https://tululu.org/b4102/
Скачиваю книгу: https://tululu.org/b4876/
Скачиваю книгу: https://tululu.org/b5299/
Скачиваю книгу: https://tululu.org/b5648/
Скачиваю книгу: https://tululu.org/b6758/
Скачиваю книгу: https://tululu.org/b6766/
Скачиваю книгу: https://tululu.org/b8283/
Скачиваю книгу: https://tululu.org/b8467/
Скачиваю книгу: https://tululu.org/b1131/
Скачиваю книгу: https://tululu.org/b1715/
Скачиваю книгу: https://tululu.org/b1987/
Скачиваю книгу: https://tululu.org/b2043/
Скачиваю книгу: https://tululu.org/b2531/
Скачиваю книгу: https://tululu.org/b4024/
Скачиваю книгу: https://tululu.org/b4102/
Скачиваю книгу: https://tululu.org/b4876/
Скачиваю книгу: https://tululu.org/b5299/
Скачиваю книгу: https://tululu.org/b5648/
Скачиваю книгу: https://tululu.org/b6758/
Скачиваю книгу: https://tululu.org/b6766/
Скачиваю книгу: https://tululu.org/b8283/
Скачиваю книгу: https://tululu.org/b8467/
Скачиваю книгу: https://tululu.org/b8559/
Скачиваю книгу: https://tululu.org/b8595/
Скачиваю книгу: https://tululu.org/b8902/
Скачиваю книгу: https://tululu.org/b9080/
Скачиваю книгу: https://tululu.org/b9402/
Скачиваю книгу: https://tululu.org/b10768/
Скачиваю книгу: https://tululu.org/b10923/
-->Страница с книгами https://tululu.org/l55/2/
Скачиваю книгу: https://tululu.org/b11477/
Скачиваю книгу: https://tululu.org/b12674/
Скачиваю книгу: https://tululu.org/b12795/
Скачиваю книгу: https://tululu.org/b13038/
Скачиваю книгу: https://tululu.org/b14480/
Скачиваю книгу: https://tululu.org/b16092/
